// Jest Snapshot v1, https://goo.gl/fbAQLP

exports[`Pruebas sobre el componente CounterApp el componente CounterApp debe imprimir correctamente el contenido 1`] = `
<Fragment>
  <h1>
    CounterApp
  </h1>
  <h2>
     
    5
     
  </h2>
  <button
    onClick={[Function]}
  >
    +1
  </button>
  <button
    onClick={[Function]}
  >
    Reset
  </button>
  <button
    onClick={[Function]}
  >
    -1
  </button>
</Fragment>
`;
